
> social-quest@1.0.0 build
> expo export -p web && esbuild dist/_expo/static/js/web/*.js --target=es2018 --allow-overwrite --outdir=dist/_expo/static/js/web/ --minify

env: load .env.local
env: export EXPO_PUBLIC_OPENAI_API_KEY
Starting Metro Bundler

Web Bundled 703ms index.ts (1410 modules)

› Assets (108):
assets/color-wheel.a56a6d7c7be55ecbc2cb36d70325669e.png (275KB)
assets/home_bg_dark_mobile.840f3b60ec2e9cd7d7ff3985a315746a.png (725KB)
assets/home_bg_dark_tablet.6ab0765d0b9dffac66104c8f4c869734.png (791KB)
assets/home_bg_light_mobile.cb988e0865e6548e3667c8822dc0eb5b.png (714KB)
assets/home_bg_light_tablet.5075c3ce942b668ef0b478fc8751a17e.png (758KB)
assets/mascot_v2_transparent.bb89ed35c1c54d3e28d7f9234aa1ac98.png (368KB)
assets/puzzles/koala.68f6ef56a63932ec55bb160964e2ac7f.png (772KB)
assets/puzzles/lion.5ceb32bbbfccaafa6976148ea6805a88.png (1.4MB)
assets/puzzles/monkey.643a81ff77a3b090e2e3ba3b16281ea4.png (841KB)
assets/puzzles/owl.3050090642265e19f62d07a7e0c27a73.png (354KB)
assets/puzzles/panda.6271ae171483bd5d1a8746b4fddf1089.png (777KB)
assets/puzzles/penguin.1b07e234c5f3451f6cdbc4de85c619a2.png (1.2MB)
assets/puzzles/puzzle_astronaut.62e27c2830abd3f5edbc00fd9e5d897e.png (996KB)
assets/puzzles/puzzle_berlin.7d751394f0c95d464553c85f664fd53b.png (1.3MB)
assets/puzzles/puzzle_dolphin.f079c5668c2b71b79819ca47738e3270.png (944KB)
assets/puzzles/puzzle_elephant.ffb8af9d254b1b10659d579e163b1788.png (1.1MB)
assets/puzzles/puzzle_fish.a0a0ff130e08262a9d4a5fc57cf29329.png (1.1MB)
assets/puzzles/puzzle_koala.8dabc48bfde9a82088b7e2169db7a0d9.png (1MB)
assets/puzzles/puzzle_kyiv.d8238721a8b7be4f2b12e4c9e63ad712.png (1.3MB)
assets/puzzles/puzzle_las_palmas.5a8eaee9fa1e7225e06e01c60676438a.png (1.3MB)
assets/puzzles/puzzle_lion.f06406e0a68b18dbe5b123e8f1a2ad8f.png (849KB)
assets/puzzles/puzzle_lisbon.7d751394f0c95d464553c85f664fd53b.png (1.3MB)
assets/puzzles/puzzle_london.7d751394f0c95d464553c85f664fd53b.png (1.3MB)
assets/puzzles/puzzle_madrid.7d751394f0c95d464553c85f664fd53b.png (1.3MB)
assets/puzzles/puzzle_montreal.e7a48a07dc71a2a1a50b98b93e6d15f1.png (1.2MB)
assets/puzzles/puzzle_octopus.4d1afda47f8466ebe56ac8a24769dd8e.png (1.1MB)
assets/puzzles/puzzle_paris.7d751394f0c95d464553c85f664fd53b.png (1.3MB)
assets/puzzles/puzzle_parrot.77b20421555098c82ac995ca789fbf89.png (951KB)
assets/puzzles/puzzle_rome.7d751394f0c95d464553c85f664fd53b.png (1.3MB)
assets/puzzles/puzzle_turtle.49122c2e39416febac666d0374b411c3.png (1MB)
assets/puzzles/puzzle_unicorn.a125d6602ec86ff1a6ec4a90fe914cd5.png (1.1MB)
assets/puzzles/puzzle_valencia.7d751394f0c95d464553c85f664fd53b.png (1.3MB)
assets/puzzles/rabbit.c11898dab80bdfb559fbabb4fb45d5fa.png (1.3MB)
assets/puzzles/tiger.5a96bd84869652215fdd009904ed5ad1.png (408KB)
assets/puzzles/turtle.a3d60cbdbd55116464e86c38f08fc621.png (363KB)
assets/puzzles/zebra.20e921cf631b84ae54b2255cf6f28490.png (1.2MB)
node_modules/@expo-google-fonts/dm-sans/100Thin_Italic/DMSans_100Thin_Italic.bcb8399c1cd3b407c9403b6738c0279f.ttf (61KB)
node_modules/@expo-google-fonts/dm-sans/100Thin/DMSans_100Thin.aa895105c99cdda4f82dc9b5b1e26d87.ttf (56KB)
node_modules/@expo-google-fonts/dm-sans/200ExtraLight_Italic/DMSans_200ExtraLight_Italic.783b88f315f5e0d18b356e4c7f24ab49.ttf (61KB)
node_modules/@expo-google-fonts/dm-sans/200ExtraLight/DMSans_200ExtraLight.3e25a281bdb7b15be3223f3ea14a78a9.ttf (56KB)
node_modules/@expo-google-fonts/dm-sans/300Light_Italic/DMSans_300Light_Italic.80cec38fe494b2d8d9c1f7f1096e73f5.ttf (61KB)
node_modules/@expo-google-fonts/dm-sans/300Light/DMSans_300Light.df43eeda0517a2dee06925d637bd6840.ttf (56KB)
node_modules/@expo-google-fonts/dm-sans/400Regular_Italic/DMSans_400Regular_Italic.d456fd1a58332b02c79e9bda60c4853e.ttf (61KB)
node_modules/@expo-google-fonts/dm-sans/400Regular/DMSans_400Regular.74f9bb7405caec741a24db735b2c5733.ttf (56KB)
node_modules/@expo-google-fonts/dm-sans/500Medium_Italic/DMSans_500Medium_Italic.fc3b9297fa9ed051f7649c8e756276b7.ttf (61KB)
node_modules/@expo-google-fonts/dm-sans/500Medium/DMSans_500Medium.7da0c1626a365ce0164d2ae4ebb0573b.ttf (56KB)
node_modules/@expo-google-fonts/dm-sans/600SemiBold_Italic/DMSans_600SemiBold_Italic.0f640fdba88da072848e514bf43c2b85.ttf (61KB)
node_modules/@expo-google-fonts/dm-sans/600SemiBold/DMSans_600SemiBold.b68921520b1d885dd7f854427cde3e82.ttf (56KB)
node_modules/@expo-google-fonts/dm-sans/700Bold_Italic/DMSans_700Bold_Italic.5af5d01e07e369ab645cbd92c05f89d5.ttf (61KB)
node_modules/@expo-google-fonts/dm-sans/700Bold/DMSans_700Bold.7a6c1a2c6196d4d0e617b57adb997b3b.ttf (56KB)
node_modules/@expo-google-fonts/dm-sans/800ExtraBold_Italic/DMSans_800ExtraBold_Italic.67790bc17c5b1ea7abef154cc8e21bc7.ttf (61KB)
node_modules/@expo-google-fonts/dm-sans/800ExtraBold/DMSans_800ExtraBold.74a7c51e71e5be3e9878deb3b1dd8276.ttf (56KB)
node_modules/@expo-google-fonts/dm-sans/900Black_Italic/DMSans_900Black_Italic.7c78541f1ece5c832d207df0be7b447f.ttf (61KB)
node_modules/@expo-google-fonts/dm-sans/900Black/DMSans_900Black.e0062779393299c3012a239746c1830c.ttf (56KB)
node_modules/@expo-google-fonts/fredoka/300Light/Fredoka_300Light.cbedf5ac5c45836f47dd224e859e19da.ttf (50KB)
node_modules/@expo-google-fonts/fredoka/400Regular/Fredoka_400Regular.e1acb36133ba3fedec8ab2610cd61c6b.ttf (50KB)
node_modules/@expo-google-fonts/fredoka/500Medium/Fredoka_500Medium.3e8c574c93c92c04130508b454b61529.ttf (50KB)
node_modules/@expo-google-fonts/fredoka/600SemiBold/Fredoka_600SemiBold.89a2d8224922009e6f9b96181093b634.ttf (50KB)
node_modules/@expo-google-fonts/fredoka/700Bold/Fredoka_700Bold.eaa34632fd156f78e16a584d1648ffcc.ttf (50KB)
node_modules/@expo-google-fonts/nunito/200ExtraLight_Italic/Nunito_200ExtraLight_Italic.0f44842abdc321a4e8ef5f2d6eba013d.ttf (135KB)
node_modules/@expo-google-fonts/nunito/200ExtraLight/Nunito_200ExtraLight.e3195ab4d111cebd50de96951ef3bbb5.ttf (132KB)
node_modules/@expo-google-fonts/nunito/300Light_Italic/Nunito_300Light_Italic.48b8e1e1d609d04a229cb167ba18ea4d.ttf (136KB)
node_modules/@expo-google-fonts/nunito/300Light/Nunito_300Light.cc4216a006ff27ad663b12c8d74708ef.ttf (132KB)
node_modules/@expo-google-fonts/nunito/400Regular_Italic/Nunito_400Regular_Italic.0967d8e924905d0a4a70f38830288891.ttf (136KB)
node_modules/@expo-google-fonts/nunito/400Regular/Nunito_400Regular.f04f0e9ff969fd52a75deade3a9761cd.ttf (132KB)
node_modules/@expo-google-fonts/nunito/500Medium_Italic/Nunito_500Medium_Italic.cabcea7d7b9c755ec132e2fe3efe4138.ttf (136KB)
node_modules/@expo-google-fonts/nunito/500Medium/Nunito_500Medium.04058d9f3583d30ece037e060c5b9721.ttf (132KB)
node_modules/@expo-google-fonts/nunito/600SemiBold_Italic/Nunito_600SemiBold_Italic.d3964a4faac6f9f959c6495f7e8bb1cc.ttf (135KB)
node_modules/@expo-google-fonts/nunito/600SemiBold/Nunito_600SemiBold.b1364260246b29fd9393a1a071f3af61.ttf (132KB)
node_modules/@expo-google-fonts/nunito/700Bold_Italic/Nunito_700Bold_Italic.c9d7af177a1a205c866662164104d9f0.ttf (135KB)
node_modules/@expo-google-fonts/nunito/700Bold/Nunito_700Bold.c133c0b8cd169e7798d0cd239477cf32.ttf (132KB)
node_modules/@expo-google-fonts/nunito/800ExtraBold_Italic/Nunito_800ExtraBold_Italic.eb8fe8521b6a7c128572d90528b415d6.ttf (135KB)
node_modules/@expo-google-fonts/nunito/800ExtraBold/Nunito_800ExtraBold.2b1bb82750274fc2d1043bf3891cb531.ttf (132KB)
node_modules/@expo-google-fonts/nunito/900Black_Italic/Nunito_900Black_Italic.2c030d352cb022edf2f941cadc8367f7.ttf (135KB)
node_modules/@expo-google-fonts/nunito/900Black/Nunito_900Black.3ffae19d12dc67269f5cdd8d7a0aaeaf.ttf (132KB)
node_modules/@expo/vector-icons/build/vendor/react-native-vector-icons/Fonts/AntDesign.3f78af31cca60105799838a1a7a59fbd.ttf (130KB)
node_modules/@expo/vector-icons/build/vendor/react-native-vector-icons/Fonts/Entypo.31b5ffea3daddc69dd01a1f3d6cf63c5.ttf (66KB)
node_modules/@expo/vector-icons/build/vendor/react-native-vector-icons/Fonts/EvilIcons.140c53a7643ea949007aa9a282153849.ttf (13KB)
node_modules/@expo/vector-icons/build/vendor/react-native-vector-icons/Fonts/Feather.ca4b48e04dc1ce10bfbddb262c8b835f.ttf (56KB)
node_modules/@expo/vector-icons/build/vendor/react-native-vector-icons/Fonts/FontAwesome.b06871f281fee6b241d60582ae9369b9.ttf (166KB)
node_modules/@expo/vector-icons/build/vendor/react-native-vector-icons/Fonts/FontAwesome5_Brands.3b89dd103490708d19a95adcae52210e.ttf (134KB)
node_modules/@expo/vector-icons/build/vendor/react-native-vector-icons/Fonts/FontAwesome5_Regular.1f77739ca9ff2188b539c36f30ffa2be.ttf (34KB)
node_modules/@expo/vector-icons/build/vendor/react-native-vector-icons/Fonts/FontAwesome5_Solid.605ed7926cf39a2ad5ec2d1f9d391d3d.ttf (203KB)
node_modules/@expo/vector-icons/build/vendor/react-native-vector-icons/Fonts/FontAwesome6_Brands.56c8d80832e37783f12c05db7c8849e2.ttf (209KB)
node_modules/@expo/vector-icons/build/vendor/react-native-vector-icons/Fonts/FontAwesome6_Regular.370dd5af19f8364907b6e2c41f45dbbf.ttf (68KB)
node_modules/@expo/vector-icons/build/vendor/react-native-vector-icons/Fonts/FontAwesome6_Solid.adec7d6f310bc577f05e8fe06a5daccf.ttf (424KB)
node_modules/@expo/vector-icons/build/vendor/react-native-vector-icons/Fonts/Fontisto.b49ae8ab2dbccb02c4d11caaacf09eab.ttf (314KB)
node_modules/@expo/vector-icons/build/vendor/react-native-vector-icons/Fonts/Foundation.e20945d7c929279ef7a6f1db184a4470.ttf (57KB)
node_modules/@expo/vector-icons/build/vendor/react-native-vector-icons/Fonts/Ionicons.b4eb097d35f44ed943676fd56f6bdc51.ttf (390KB)
node_modules/@expo/vector-icons/build/vendor/react-native-vector-icons/Fonts/MaterialCommunityIcons.6e435534bd35da5fef04168860a9b8fa.ttf (1.3MB)
node_modules/@expo/vector-icons/build/vendor/react-native-vector-icons/Fonts/MaterialIcons.4e85bc9ebe07e0340c9c4fc2f6c38908.ttf (357KB)
node_modules/@expo/vector-icons/build/vendor/react-native-vector-icons/Fonts/Octicons.871378c6eab492a3e689a9385dc45a12.ttf (69KB)
node_modules/@expo/vector-icons/build/vendor/react-native-vector-icons/Fonts/SimpleLineIcons.d2285965fe34b05465047401b8595dd0.ttf (54KB)
node_modules/@expo/vector-icons/build/vendor/react-native-vector-icons/Fonts/Zocial.1681f34aaca71b8dfb70756bca331eb2.ttf (26KB)
node_modules/@react-navigation/elements/lib/module/assets/back-icon-mask.0a328cd9c1afd0afe8e3b1ec5165b1b4.png (653B)
node_modules/@react-navigation/elements/lib/module/assets/back-icon.35ba0eaec5a4f5ed12ca16fabeae451d.png (207B)
node_modules/@react-navigation/elements/lib/module/assets/clear-icon.c94f6478e7ae0cdd9f15de1fcb9e5e55.png (4 variations | 425B)
node_modules/@react-navigation/elements/lib/module/assets/close-icon.808e1b1b9b53114ec2838071a7e6daa7.png (4 variations | 235B)
node_modules/@react-navigation/elements/lib/module/assets/search-icon.286d67d3f74808a60a78d3ebf1a5fb57.png (928B)
node_modules/react-native-wheel-color-picker/assets/graphics/ui/black-gradient-rotated.71267955ead0d8e8b47dc71f70c86b7a.png (3.4KB)
node_modules/react-native-wheel-color-picker/assets/graphics/ui/black-gradient.8c92e8db73657ee49c40b8b0bcada934.png (895B)
node_modules/react-native-wheel-color-picker/assets/graphics/ui/color-wheel.ee111b20e68d3b9a1e779a8c4e1d00f7.png (202KB)

› web bundles (1):
_expo/static/js/web/index-80e2a7af2bc6c3d38af23aacea0b9a59.js (2.2MB)

› Files (3):
favicon.ico (15KB)
index.html (4.9KB)
metadata.json (49B)

Exported: dist

  dist/_expo/static/js/web/index-80e2a7af2bc6c3d38af23aacea0b9a59.js  2.1mb ⚠️

⚡ Done in 170ms
